// Jest Snapshot v1, https://goo.gl/fbAQLP

exports[`TileStateEngine should return initial tile state if no given state 1`] = `
Object {
  "1": Array [
    9,
    94,
    91,
    6,
    3,
  ],
  "2": Array [
    40,
    70,
    87,
    43,
    74,
  ],
  "3": Array [
    53,
    17,
    15,
    28,
    102,
  ],
  "4": Array [
    84,
    103,
    92,
    64,
    60,
  ],
}
`;
