// Jest Snapshot v1, https://goo.gl/fbAQLP

exports[`TileStateEngine should create tile map 1`] = `
{
  "000": "1A",
  "001": "2A",
  "002": "3A",
  "003": "4A",
  "004": "5A",
  "005": "6A",
  "006": "7A",
  "007": "8A",
  "008": "9A",
  "009": "10A",
  "010": "11A",
  "011": "12A",
  "012": "1B",
  "013": "2B",
  "014": "3B",
  "015": "4B",
  "016": "5B",
  "017": "6B",
  "018": "7B",
  "019": "8B",
  "020": "9B",
  "021": "10B",
  "022": "11B",
  "023": "12B",
  "024": "1C",
  "025": "2C",
  "026": "3C",
  "027": "4C",
  "028": "5C",
  "029": "6C",
  "030": "7C",
  "031": "8C",
  "032": "9C",
  "033": "10C",
  "034": "11C",
  "035": "12C",
  "036": "1D",
  "037": "2D",
  "038": "3D",
  "039": "4D",
  "040": "5D",
  "041": "6D",
  "042": "7D",
  "043": "8D",
  "044": "9D",
  "045": "10D",
  "046": "11D",
  "047": "12D",
  "048": "1E",
  "049": "2E",
  "050": "3E",
  "051": "4E",
  "052": "5E",
  "053": "6E",
  "054": "7E",
  "055": "8E",
  "056": "9E",
  "057": "10E",
  "058": "11E",
  "059": "12E",
  "060": "1F",
  "061": "2F",
  "062": "3F",
  "063": "4F",
  "064": "5F",
  "065": "6F",
  "066": "7F",
  "067": "8F",
  "068": "9F",
  "069": "10F",
  "070": "11F",
  "071": "12F",
  "072": "1G",
  "073": "2G",
  "074": "3G",
  "075": "4G",
  "076": "5G",
  "077": "6G",
  "078": "7G",
  "079": "8G",
  "080": "9G",
  "081": "10G",
  "082": "11G",
  "083": "12G",
  "084": "1H",
  "085": "2H",
  "086": "3H",
  "087": "4H",
  "088": "5H",
  "089": "6H",
  "090": "7H",
  "091": "8H",
  "092": "9H",
  "093": "10H",
  "094": "11H",
  "095": "12H",
  "096": "1I",
  "097": "2I",
  "098": "3I",
  "099": "4I",
  "100": "5I",
  "101": "6I",
  "102": "7I",
  "103": "8I",
  "104": "9I",
  "105": "10I",
  "106": "11I",
  "107": "12I",
}
`;

exports[`TileStateEngine should return initial tile state if no given state 1`] = `
{
  "1": [
    11,
    7,
    63,
    76,
    46,
  ],
  "2": [
    107,
    15,
    71,
    75,
    50,
  ],
  "3": [
    106,
    29,
    81,
    79,
    101,
  ],
  "4": [
    65,
    60,
    32,
    70,
    21,
  ],
}
`;
