// Jest Snapshot v1, https://goo.gl/fbAQLP

exports[`TileStateEngine should return initial tile state if no given state 1`] = `
Object {
  "1": Array [
    11,
    7,
    63,
    76,
    46,
  ],
  "2": Array [
    107,
    15,
    71,
    75,
    50,
  ],
  "3": Array [
    106,
    29,
    81,
    79,
    101,
  ],
  "4": Array [
    65,
    60,
    32,
    70,
    21,
  ],
}
`;
