// Jest Snapshot v1, https://goo.gl/fbAQLP

exports[`GameStateEngine should create tile map 1`] = `
Object {
  "0": "1A",
  "1": "2A",
  "10": "11A",
  "100": "5I",
  "101": "6I",
  "102": "7I",
  "103": "8I",
  "104": "9I",
  "105": "10I",
  "106": "11I",
  "107": "12I",
  "11": "12A",
  "12": "1B",
  "13": "2B",
  "14": "3B",
  "15": "4B",
  "16": "5B",
  "17": "6B",
  "18": "7B",
  "19": "8B",
  "2": "3A",
  "20": "9B",
  "21": "10B",
  "22": "11B",
  "23": "12B",
  "24": "1C",
  "25": "2C",
  "26": "3C",
  "27": "4C",
  "28": "5C",
  "29": "6C",
  "3": "4A",
  "30": "7C",
  "31": "8C",
  "32": "9C",
  "33": "10C",
  "34": "11C",
  "35": "12C",
  "36": "1D",
  "37": "2D",
  "38": "3D",
  "39": "4D",
  "4": "5A",
  "40": "5D",
  "41": "6D",
  "42": "7D",
  "43": "8D",
  "44": "9D",
  "45": "10D",
  "46": "11D",
  "47": "12D",
  "48": "1E",
  "49": "2E",
  "5": "6A",
  "50": "3E",
  "51": "4E",
  "52": "5E",
  "53": "6E",
  "54": "7E",
  "55": "8E",
  "56": "9E",
  "57": "10E",
  "58": "11E",
  "59": "12E",
  "6": "7A",
  "60": "1F",
  "61": "2F",
  "62": "3F",
  "63": "4F",
  "64": "5F",
  "65": "6F",
  "66": "7F",
  "67": "8F",
  "68": "9F",
  "69": "10F",
  "7": "8A",
  "70": "11F",
  "71": "12F",
  "72": "1G",
  "73": "2G",
  "74": "3G",
  "75": "4G",
  "76": "5G",
  "77": "6G",
  "78": "7G",
  "79": "8G",
  "8": "9A",
  "80": "9G",
  "81": "10G",
  "82": "11G",
  "83": "12G",
  "84": "1H",
  "85": "2H",
  "86": "3H",
  "87": "4H",
  "88": "5H",
  "89": "6H",
  "9": "10A",
  "90": "7H",
  "91": "8H",
  "92": "9H",
  "93": "10H",
  "94": "11H",
  "95": "12H",
  "96": "1I",
  "97": "2I",
  "98": "3I",
  "99": "4I",
}
`;
